// Jest Snapshot v1, https://goo.gl/fbAQLP

exports[`App.js tests the component should match snapshot 1`] = `
<div
  className="todoapp stack-large"
>
  <h1>
    TodoMatic
  </h1>
  <form
    onSubmit={[Function]}
  >
    <h2
      className="label-wrapper"
    >
      <label
        className="label__lg"
        htmlFor="new-todo-input"
      >
        What needs to be done?
      </label>
    </h2>
    <input
      autoComplete="off"
      className="input input__lg"
      id="new-todo-input"
      name="text"
      onChange={[Function]}
      type="text"
      value=""
    />
    <button
      className="btn btn__primary btn__lg"
      type="submit"
    >
      Add
    </button>
  </form>
  <div
    className="filters btn-group stack-exception"
  >
    <button
      aria-pressed={true}
      className="btn toggle-btn"
      onClick={[Function]}
      type="button"
    >
      <span
        className="visually-hidden"
      >
        Show 
      </span>
      <span>
        All
      </span>
      <span
        className="visually-hidden"
      >
         tasks
      </span>
    </button>
    <button
      aria-pressed={false}
      className="btn toggle-btn"
      onClick={[Function]}
      type="button"
    >
      <span
        className="visually-hidden"
      >
        Show 
      </span>
      <span>
        Active
      </span>
      <span
        className="visually-hidden"
      >
         tasks
      </span>
    </button>
    <button
      aria-pressed={false}
      className="btn toggle-btn"
      onClick={[Function]}
      type="button"
    >
      <span
        className="visually-hidden"
      >
        Show 
      </span>
      <span>
        Completed
      </span>
      <span
        className="visually-hidden"
      >
         tasks
      </span>
    </button>
  </div>
  <h2
    id="list-heading"
  >
    0 tasks remaining
  </h2>
  <ul
    aria-labelledby="list-heading"
    className="todo-list stack-large stack-exception"
    role="list"
  />
</div>
`;
